train split: 800,110 events, cohort 16,262 patients

REFERENCE -- true real-visit-to-real-visit gaps, straight off the .bin:
  median 1.112 y   mean 1.520 y   cv 0.727   n=74,242
  (every cell below is compared against these two numbers)

======================================================================================================================
THE 2x2x2 -- marginal distribution of the dt loss_dt is trained on, in YEARS
======================================================================================================================
  cell                                            p5    p25     med     p75     p95    mean   med/true mean/true
  life=off ties=off rate=0         n=  76,208   0.003  0.003   0.003   0.003    3.08   2.861     0.00x   1.88x
  life=off ties=off rate=5         n=  76,208   0.003  0.003   0.003   0.003    1.90   0.395     0.00x   0.26x

  life=off ties=on  rate=0         n=  76,208   0.912  1.128  57.550  73.566   84.69  39.109    51.77x  25.73x
  life=off ties=on  rate=5         n=  76,208   0.282  0.977   1.432   3.893   10.76   3.072     1.29x   2.02x

  life=on  ties=off rate=0         n=  76,208   0.003  0.003   0.003   0.613    2.93   1.568     0.00x   1.03x
  life=on  ties=off rate=5         n=  76,208   0.003  0.003   0.003   0.203    2.01   0.421     0.00x   0.28x

  life=on  ties=on  rate=0         n=  76,208   0.758  1.076   2.738  15.224   79.09  17.802     2.46x  11.71x
  life=on  ties=on  rate=5         n=  76,208   0.194  0.917   1.284   3.201    9.23   2.621     1.16x   1.72x

======================================================================================================================
THE GATHER, DECOMPOSED -- delivered setting (life=on, ties=on, rate=5)
======================================================================================================================
  cell                                            p5    p25     med     p75     p95    mean   med/true mean/true
  all scored positions             n=  76,208   0.194  0.917   1.284   3.201    9.23   2.621     1.16x   1.72x
  kept its OWN dt (forward gap)    n=  20,143   0.186  0.849   1.051   1.604    4.83   1.586     0.95x   1.04x
  REDIRECTED by the gather         n=  56,065   0.197  0.953   1.580   4.005   10.04   2.993     1.42x   1.97x

  -> 73.6% of scored positions are trained on some OTHER position's dt.
     For a tied token that is the gap BEFORE its own visit -- backward-looking, and already
     computable from its own input (it can see both ages).

======================================================================================================================
THE LIFESTYLE SHIFT, DECOMPOSED -- positions whose INPUT is a shifted token (model 4-12)
======================================================================================================================
  cell                                            p5    p25     med     p75     p95    mean   med/true mean/true
  input is lifestyle, life=off     n=   4,325   0.323  1.013   1.780   4.750   12.10   3.546     1.60x   2.33x
    all scored,          life=off  n=  76,208   0.282  0.977   1.432   3.893   10.76   3.072     1.29x   2.02x
  input is lifestyle, life=on      n=   1,456   0.090  0.441   0.917   2.292    7.47   1.964     0.83x   1.29x
    all scored,          life=on   n=  76,208   0.194  0.917   1.284   3.201    9.23   2.621     1.16x   1.72x

======================================================================================================================
WHERE THE SUPERVISED dt COMES FROM -- by the kind of token AT the position (life=on, ties=on)
======================================================================================================================

  no_event_token_rate = 0   <- insertion OFF
  cell                                            p5    p25     med     p75     p95    mean   med/true mean/true
  ALL scored positions             n=  76,208   0.758  1.076   2.738  15.224   79.09  17.802     2.46x  11.71x
    input is clinical   (89.8% of scored) n=  68,416   0.786  1.070   2.449  14.546   78.62  17.211     2.20x  11.32x
    input is noevent    ( 0.0% of scored)      (no scored positions)
    input is sex        ( 1.4% of scored) n=   1,093  55.645 66.001  72.613  78.820   87.44  72.307    65.33x  47.58x
    input is lifestyle  ( 3.9% of scored) n=   2,939   0.197  0.846   3.285   9.743   17.45   5.700     2.96x   3.75x

  no_event_token_rate = 5   <- the delivered setting
  cell                                            p5    p25     med     p75     p95    mean   med/true mean/true
  ALL scored positions             n=  76,208   0.194  0.917   1.284   3.201    9.23   2.621     1.16x   1.72x
    input is clinical   (84.7% of scored) n=  64,516   0.225  0.958   1.290   3.171    9.22   2.634     1.16x   1.73x
    input is noevent    ( 8.6% of scored) n=   6,526   0.080  0.427   0.914   2.308    8.00   2.013     0.82x   1.32x
    input is sex        ( 0.0% of scored)      (no scored positions)
    input is lifestyle  ( 1.9% of scored) n=   1,456   0.090  0.441   0.917   2.292    7.47   1.964     0.83x   1.29x

======================================================================================================================
THE FIX -- dt_target='next_visit' / 'next_event' vs the delivered 'gather'
======================================================================================================================
  Acceptance test: a correct forward target should reproduce the TRUE visit-gap
  distribution (median 1.112 y, mean 1.520 y) -- i.e. 1.00x in both columns --
  and should be INSENSITIVE to lifestyle_augmentations and no_event_token_rate,
  because it no longer depends on where the attention mask's argmax happens to land.

  life=on  rate=5
  cell                                            p5    p25     med     p75     p95    mean   med/true mean/true
    gather                         n=  76,208   0.194  0.917   1.284   3.201    9.23   2.621     1.16x   1.72x
    next_visit                     n=  75,070   0.205  0.882   1.046   1.374    3.28   1.356     0.94x   0.89x
    next_event                     n=  72,643   0.591  0.991   1.098   1.498    3.41   1.488     0.99x   0.98x

  life=on  rate=0
  cell                                            p5    p25     med     p75     p95    mean   med/true mean/true
    gather                         n=  76,208   0.758  1.076   2.738  15.224   79.09  17.802     2.46x  11.71x
    next_visit                     n=  74,106   0.680  0.997   1.112   1.665    5.61   2.808     1.00x   1.85x
    next_event                     n=  72,644   0.813  0.999   1.120   1.654    4.51   2.689     1.01x   1.77x

  life=off rate=5
  cell                                            p5    p25     med     p75     p95    mean   med/true mean/true
    gather                         n=  76,208   0.282  0.977   1.432   3.893   10.76   3.072     1.29x   2.02x
    next_visit                     n=  68,692   0.263  0.936   1.049   1.325    2.90   1.310     0.94x   0.86x
    next_event                     n=  67,785   0.764  0.997   1.106   1.487    3.24   1.493     1.00x   0.98x

  life=off rate=0
  cell                                            p5    p25     med     p75     p95    mean   med/true mean/true
    gather                         n=  76,208   0.912  1.128  57.550  73.566   84.69  39.109    51.77x  25.73x
    next_visit                     n=  67,913   0.865  0.999   1.114   1.566    4.97   4.206     1.00x   2.77x
    next_event                     n=  67,813   0.868  1.002   1.123   1.634    5.08   4.231     1.01x   2.78x

[dt_ablation] -> /storage3/fs1/mdan/Active/secure-ad-comorbidity/huang.yi1/AD0820_capacity/results/time_head/dt_ablation.csv
DONE
