host c2-node-002 | threads 8 | tags L8E120H6_s42,L8E120H6_s43,L8E120H6_s44,L12E120H12_s42
train split: 800,110 events, cohort 16,262 patients (train.py's 4/2 filter)

==============================================================================
L12E120H12_s42   iter 2900   12L/12H/120d   t_min 30.4375 d   time_head=False
==============================================================================

  loss values (training mode, 20 batches x 128)
    loss_ce   2.6633   loss_dt   7.4726   loss_dt is 73.7% of the sum
    the same loss_dt with dt in YEARS:   1.5721   -> 37.1% (same weights, same gradient)

  GRADIENT norms over all 2,104,320 parameters
    ||g_ce||     0.4667 +/- 0.0274
    ||g_dt||     0.1744 +/- 0.0226
    ||g_dt|| / ||g_ce|| = 0.3750  (median 0.3749, min 0.2412, max 0.4729)
    -> the timing term supplies 27.2% of the gradient it takes to steer this model
    of ||g_dt||, 49.9% lands on the tied token embedding (= the event head's own tensor)

  the t_min floor, on the positions the loss scores
    raw exp(-lse):  median   1.401 y   p5 0.268 y   p95 8.728 y
    damping raw/(raw+t_min): median 0.9439   mean 0.9267   p5 0.7628
    positions with damping < 0.01 (floor saturated): 0.00%

  post-hoc t_min sensitivity (NOT retrained -- these weights saw t_min=30.44)
           t_min   loss_dt   ||g_dt||  ratio vs ce  mean damping
        1.000 1 d     7.3863     0.2899       0.6211        0.9968
        7.000 1 wk    7.4037     0.2418       0.5181        0.9793
       30.438 1 mo    7.4644     0.1744       0.3737        0.9249
       91.312 3 mo    7.5918     0.1227       0.2629        0.8263
      365.250 1 y     7.9735     0.0659       0.1412        0.5976

==============================================================================
L8E120H6_s42   iter 2500   8L/6H/120d   t_min 30.4375 d   time_head=False
==============================================================================

  loss values (training mode, 20 batches x 128)
    loss_ce   2.7098   loss_dt   7.4741   loss_dt is 73.4% of the sum
    the same loss_dt with dt in YEARS:   1.5735   -> 36.7% (same weights, same gradient)

  GRADIENT norms over all 1,412,160 parameters
    ||g_ce||     0.4478 +/- 0.0299
    ||g_dt||     0.2019 +/- 0.0289
    ||g_dt|| / ||g_ce|| = 0.4512  (median 0.4289, min 0.3386, max 0.5421)
    -> the timing term supplies 31.1% of the gradient it takes to steer this model
    of ||g_dt||, 56.4% lands on the tied token embedding (= the event head's own tensor)

  the t_min floor, on the positions the loss scores
    raw exp(-lse):  median   1.464 y   p5 0.305 y   p95 8.890 y
    damping raw/(raw+t_min): median 0.9461   mean 0.9314   p5 0.7853
    positions with damping < 0.01 (floor saturated): 0.00%

  post-hoc t_min sensitivity (NOT retrained -- these weights saw t_min=30.44)
           t_min   loss_dt   ||g_dt||  ratio vs ce  mean damping
        1.000 1 d     7.3861     0.3165       0.7068        0.9972
        7.000 1 wk    7.4037     0.2733       0.6104        0.9812
       30.438 1 mo    7.4644     0.1962       0.4381        0.9297
       91.312 3 mo    7.5919     0.1334       0.2980        0.8337
      365.250 1 y     7.9735     0.0657       0.1466        0.6065

==============================================================================
L8E120H6_s43   iter 2500   8L/6H/120d   t_min 30.4375 d   time_head=False
==============================================================================

  loss values (training mode, 20 batches x 128)
    loss_ce   2.7055   loss_dt   7.4750   loss_dt is 73.4% of the sum
    the same loss_dt with dt in YEARS:   1.5744   -> 36.8% (same weights, same gradient)

  GRADIENT norms over all 1,412,160 parameters
    ||g_ce||     0.4350 +/- 0.0284
    ||g_dt||     0.3095 +/- 0.0364
    ||g_dt|| / ||g_ce|| = 0.7167  (median 0.7081, min 0.5722, max 1.0704)
    -> the timing term supplies 41.6% of the gradient it takes to steer this model
    of ||g_dt||, 47.3% lands on the tied token embedding (= the event head's own tensor)

  the t_min floor, on the positions the loss scores
    raw exp(-lse):  median   1.440 y   p5 0.260 y   p95 8.502 y
    damping raw/(raw+t_min): median 0.9453   mean 0.9261   p5 0.7569
    positions with damping < 0.01 (floor saturated): 0.00%

  post-hoc t_min sensitivity (NOT retrained -- these weights saw t_min=30.44)
           t_min   loss_dt   ||g_dt||  ratio vs ce  mean damping
        1.000 1 d     7.3882     0.5544       1.2745        0.9967
        7.000 1 wk    7.4055     0.4646       1.0681        0.9789
       30.438 1 mo    7.4658     0.3295       0.7576        0.9241
       91.312 3 mo    7.5928     0.2364       0.5434        0.8256
      365.250 1 y     7.9740     0.1365       0.3139        0.5967

==============================================================================
L8E120H6_s44   iter 2600   8L/6H/120d   t_min 30.4375 d   time_head=False
==============================================================================

  loss values (training mode, 20 batches x 128)
    loss_ce   2.7084   loss_dt   7.4741   loss_dt is 73.4% of the sum
    the same loss_dt with dt in YEARS:   1.5735   -> 36.7% (same weights, same gradient)

  GRADIENT norms over all 1,412,160 parameters
    ||g_ce||     0.4682 +/- 0.0299
    ||g_dt||     0.2787 +/- 0.0261
    ||g_dt|| / ||g_ce|| = 0.5996  (median 0.6157, min 0.4490, max 0.7196)
    -> the timing term supplies 37.3% of the gradient it takes to steer this model
    of ||g_dt||, 47.6% lands on the tied token embedding (= the event head's own tensor)

  the t_min floor, on the positions the loss scores
    raw exp(-lse):  median   1.370 y   p5 0.255 y   p95 8.863 y
    damping raw/(raw+t_min): median 0.9427   mean 0.9249   p5 0.7538
    positions with damping < 0.01 (floor saturated): 0.00%

  post-hoc t_min sensitivity (NOT retrained -- these weights saw t_min=30.44)
           t_min   loss_dt   ||g_dt||  ratio vs ce  mean damping
        1.000 1 d     7.3860     0.3842       0.8207        0.9968
        7.000 1 wk    7.4037     0.3516       0.7511        0.9790
       30.438 1 mo    7.4647     0.2777       0.5932        0.9235
       91.312 3 mo    7.5921     0.1944       0.4152        0.8229
      365.250 1 y     7.9736     0.0890       0.1901        0.5919

[grad_balance] -> /storage3/fs1/mdan/Active/secure-ad-comorbidity/huang.yi1/AD0820_capacity/results/time_head/grad_balance.csv
DONE
