
##################  generate() mode: DELIVERED (one token per step)
test split: cohort 4,589 patients, probing 400

================================================================================================================
L8E120H6_s42   8L/6H/120d   time_head=False  dt_target=gather  visit_batched=False
================================================================================================================

[1] tokens per visit  (a visit = ages within 30 d of each other)
  REAL                                   n=  2,297  p5    1.00  p25    1.00  med    2.00  p75    4.00  p95   16.00  mean    4.11 tokens
  GENERATED                              n= 32,759  p5    1.00  p25    1.00  med    1.00  p75    1.00  p95    1.00  mean    1.03 tokens

[2] gap between consecutive DISTINCT visits -- the per-step clock
  REAL                                   n=  1,897  p5    0.78  p25    1.00  med    1.11  p75    1.78  p95    3.60  mean    1.55 years
  GENERATED                              n= 26,374  p5    0.19  p25    0.73  med    1.68  p75    3.42  p95    8.08  mean    2.59 years

[4] sampled dt per generate() step
  every sampled step                     n= 33,771  p5    0.11  p25    0.63  med    1.55  p75    3.25  p95    7.76  mean    2.44 years
                                         fraction of steps with dt < 30 d (a tie): 3.799%

[3] reaching NACCUDSD=Dementia from visit 2
  REAL   elapsed                         n=     54  p5    1.00  p25    1.28  med    3.67  p75    6.71  p95   11.89  mean    4.61 years
  REAL   visits crossed                  n=     54  p5    1.00  p25    1.00  med    2.00  p75    5.00  p95    7.35  mean    3.15 visits
  GEN    elapsed                         n=  1,197  p5    0.95  p25    4.37  med    9.27  p75   16.11  p95   27.02  mean   11.17 years
  GEN    tokens emitted (= steps)        n=  1,197  p5    1.00  p25    3.00  med    4.00  p75    7.00  p95   10.00  mean    4.89 steps
  GEN    visits crossed                  n=  1,197  p5    1.00  p25    3.00  med    4.00  p75    6.00  p95   10.00  mean    4.75 visits

  -> elapsed  GEN / REAL = 2.52x   (9.27 y vs 3.67 y, medians)
     steps    GEN / REAL visits = 2.00x   (4 steps vs 2 visits)
     tokens/visit  REAL 2.0 vs GEN 1.0

##################  generate() mode: --visit-batched
test split: cohort 4,589 patients, probing 400

================================================================================================================
L8E120H6_s42   8L/6H/120d   time_head=False  dt_target=gather  visit_batched=True  (k ~ non-first real visits: median 2, mean 2.13)
================================================================================================================

[1] tokens per visit  (a visit = ages within 30 d of each other)
  REAL                                   n=  2,297  p5    1.00  p25    1.00  med    2.00  p75    4.00  p95   16.00  mean    4.11 tokens
  GENERATED                              n= 23,832  p5    1.00  p25    1.00  med    1.00  p75    2.00  p95    4.00  mean    1.92 tokens

[2] gap between consecutive DISTINCT visits -- the per-step clock
  REAL                                   n=  1,897  p5    0.78  p25    1.00  med    1.11  p75    1.78  p95    3.60  mean    1.55 years
  GENERATED                              n= 17,439  p5    0.21  p25    0.79  med    1.86  p75    3.82  p95    9.31  mean    2.91 years

[4] sampled dt per generate() step
  every sampled step                     n= 45,862  p5    0.00  p25    0.00  med    0.14  p75    1.80  p95    6.43  mean    1.40 years
                                         fraction of steps with dt < 30 d (a tie): 48.692%

[3] reaching NACCUDSD=Dementia from visit 2
  REAL   elapsed                         n=     54  p5    1.00  p25    1.28  med    3.67  p75    6.71  p95   11.89  mean    4.61 years
  REAL   visits crossed                  n=     54  p5    1.00  p25    1.00  med    2.00  p75    5.00  p95    7.35  mean    3.15 visits
  GEN    elapsed                         n=  1,613  p5    0.60  p25    3.24  med    7.24  p75   13.04  p95   23.59  mean    9.09 years
  GEN    tokens emitted (= steps)        n=  1,613  p5    1.00  p25    4.00  med    6.00  p75   10.00  p95   14.00  mean    6.86 steps
  GEN    visits crossed                  n=  1,613  p5    1.00  p25    2.00  med    3.00  p75    5.00  p95    7.00  mean    3.48 visits

  -> elapsed  GEN / REAL = 1.97x   (7.24 y vs 3.67 y, medians)
     steps    GEN / REAL visits = 3.00x   (6 steps vs 2 visits)
     tokens/visit  REAL 2.0 vs GEN 1.0
DONE
